// Jest Snapshot v1, https://goo.gl/fbAQLP

exports[`cleanPreprocessor converts all values to arrays and adds missing keys 1`] = `
[
  {
    "copy": [],
    "del": [
      "*",
    ],
    "makeDirs": [],
  },
  {
    "copy": [],
    "del": [],
    "makeDirs": [
      "<PROJECT_ROOT>/dist/test",
    ],
  },
  {
    "copy": [
      {
        "dest": "<PROJECT_ROOT>/dist/static-1",
        "hash": true,
        "src": "<PROJECT_ROOT>/static-1",
      },
    ],
    "del": [],
    "makeDirs": [],
  },
  {
    "copy": [
      {
        "dest": "<PROJECT_ROOT>/dist/static-2",
        "src": "<PROJECT_ROOT>/static-2",
      },
    ],
    "del": [],
    "makeDirs": [],
  },
  {
    "copy": [],
    "del": [],
    "makeDirs": [],
  },
  {
    "copy": [
      {
        "dest": "<PROJECT_ROOT>/dist/static-3",
        "src": "<PROJECT_ROOT>/static-3",
      },
    ],
    "del": [
      "*",
    ],
    "makeDirs": [
      "<PROJECT_ROOT>/dist/test",
    ],
  },
]
`;
