// Jest Snapshot v1, https://goo.gl/fbAQLP

exports[`filesValidator handles absolute dest 1`] = `[Error: Destination file must be a relative path: <PROJECT_ROOT>/file1.js]`;

exports[`filesValidator handles dest outside of rootPath 1`] = `[Error: dest file must be inside rootPath: ../one.js]`;

exports[`filesValidator handles duplicate dest 1`] = `
[Error: [
  "two.js",
  "two.js" [31m[1][0m
]
[31m
[1] "files destination" position 1 contains a duplicate value[0m]
`;

exports[`filesValidator handles missing source files 1`] = `[Error: Source file does not exist: <PROJECT_ROOT>/one.js]`;

exports[`filesValidator handles relative src 1`] = `[Error: source file must be an absolute path: ./__sandbox__/stats1/file1.js]`;
