// Jest Snapshot v1, https://goo.gl/fbAQLP

exports[`parseFilePath parses ./ relative file 1`] = `
Object {
  "absolute": "<PROJECT_ROOT>/nested/other.js",
  "hash": "4a98043a27f1a81a69af211207912f39873a6fe693be4cedb6bebd33cd3f2da7",
  "relative": "nested/other.js",
}
`;

exports[`parseFilePath parses absolute file 1`] = `
Object {
  "absolute": "<PROJECT_ROOT>/test-file.js",
  "hash": "b2c22cd66511e73bc0c189cc169bf13ef5ffd2fc1c988b5f0eb0cbf992456767",
  "relative": "test-file.js",
}
`;

exports[`parseFilePath parses nested absolute file 1`] = `
Object {
  "absolute": "<PROJECT_ROOT>/nested/other.js",
  "hash": "4a98043a27f1a81a69af211207912f39873a6fe693be4cedb6bebd33cd3f2da7",
  "relative": "nested/other.js",
}
`;

exports[`parseFilePath parses nested relative file 1`] = `
Object {
  "absolute": "<PROJECT_ROOT>/nested/other.js",
  "hash": "4a98043a27f1a81a69af211207912f39873a6fe693be4cedb6bebd33cd3f2da7",
  "relative": "nested/other.js",
}
`;

exports[`parseFilePath parses relative file 1`] = `
Object {
  "absolute": "<PROJECT_ROOT>/test-file.js",
  "hash": "b2c22cd66511e73bc0c189cc169bf13ef5ffd2fc1c988b5f0eb0cbf992456767",
  "relative": "test-file.js",
}
`;

exports[`parseFilePath returns empty string when file does not exist 1`] = `
Object {
  "absolute": "<PROJECT_ROOT>/missing-file.js",
  "hash": "",
  "relative": "missing-file.js",
}
`;
