// Jest Snapshot v1, https://goo.gl/fbAQLP

exports[`backupPackageJson backup package.json when a managed script already exists 1`] = `
[
  [
    "<PROJECT_ROOT>/package.json",
    "<PROJECT_ROOT>/package.json-backup-4ff910cd.json",
    {
      "overwrite": false,
    },
  ],
]
`;

exports[`backupPackageJson backup package.json when a managed script already exists 2`] = `
{
  "file": "<PROJECT_ROOT>/package.json-backup-4ff910cd.json",
  "filename": "package.json-backup-4ff910cd.json",
}
`;

exports[`backupPackageJson backup package.json when multiple keys already exist 1`] = `
[
  [
    "<PROJECT_ROOT>/package.json",
    "<PROJECT_ROOT>/package.json-backup-4ff910cd.json",
    {
      "overwrite": false,
    },
  ],
]
`;

exports[`backupPackageJson backup package.json when multiple keys already exist 2`] = `
{
  "file": "<PROJECT_ROOT>/package.json-backup-4ff910cd.json",
  "filename": "package.json-backup-4ff910cd.json",
}
`;

exports[`backupPackageJson handles npm default test script with previously managed 1`] = `
[
  [
    "<PROJECT_ROOT>/package.json",
    "<PROJECT_ROOT>/package.json-backup-4ff910cd.json",
    {
      "overwrite": false,
    },
  ],
]
`;

exports[`backupPackageJson handles npm default test script with previously managed 2`] = `
{
  "file": "<PROJECT_ROOT>/package.json-backup-4ff910cd.json",
  "filename": "package.json-backup-4ff910cd.json",
}
`;

exports[`backupPackageJson works with array value - backup 1`] = `
[
  [
    "<PROJECT_ROOT>/package.json",
    "<PROJECT_ROOT>/package.json-backup-4ff910cd.json",
    {
      "overwrite": false,
    },
  ],
]
`;

exports[`backupPackageJson works with array value - backup 2`] = `
{
  "file": "<PROJECT_ROOT>/package.json-backup-4ff910cd.json",
  "filename": "package.json-backup-4ff910cd.json",
}
`;
