// Jest Snapshot v1, https://goo.gl/fbAQLP

exports[`packageJsonManager adds custom scripts when they do not exist prior 1`] = `
Array [
  Array [
    "<PROJECT_ROOT>/package.json",
    "{
  \\"version\\": \\"1.0.0\\",
  \\"license\\": \\"MIT\\",
  \\"private\\": true,
  \\"main\\": \\"index.js\\",
  \\"scripts\\": {
    \\"lint.fix\\": \\"eslint --fix\\"
  },
  \\"devDependencies\\": {},
  \\"dependencies\\": {}
}
",
  ],
]
`;
