// Jest Snapshot v1, https://goo.gl/fbAQLP

exports[`updatePackageJson merges keys 1`] = `
Object {
  "dependencies": Object {
    "lodash": "4",
    "underscore": "4",
  },
  "devDependencies": Object {},
  "name": "package",
  "optionalDependencies": Object {},
  "peerDependencies": Object {},
  "scripts": Object {
    "dev": "backtrack dev",
    "one": "script",
    "test": "jest",
  },
}
`;
