// Jest Snapshot v1, https://goo.gl/fbAQLP

exports[`updatePackageJson merges keys 1`] = `
{
  "dependencies": {
    "lodash": "4",
    "underscore": "4",
  },
  "devDependencies": {},
  "name": "package",
  "optionalDependencies": {},
  "peerDependencies": {},
  "scripts": {
    "dev": "backtrack dev",
    "one": "script",
    "test": "jest",
  },
}
`;
