// Jest Snapshot v1, https://goo.gl/fbAQLP

exports[`validateTask handles bad input 1`] = `[Error: "task" must be a string]`;

exports[`validateTask handles empty task 1`] = `[Error: "task" is not allowed to be empty]`;

exports[`validateTask handles process.env.NODE_ENV is set 1`] = `undefined`;

exports[`validateTask handles process.env.NODE_ENV not set 1`] = `[Error: "process.env.NODE_ENV" is required]`;

exports[`validateTask handles undefined task 1`] = `[Error: "task" is required]`;

exports[`validateTask handles valid task 1`] = `undefined`;
